[22:00:03] user: hello
[22:00:03] number1fan: yo
[22:00:03] viewer: sup
[22:00:03] streamenjoyer: whats up